// Jest Snapshot v1, https://goo.gl/fbAQLP

exports[`Areas should render as default 1`] = `
.emotion-0 {
  display: block;
}

@media (min-width:480px) {
  .emotion-0 {
    display: grid;
  }
}

@media (min-width:1200px) {
  .emotion-0 {
    padding-left: calc(((100vw - 1200px) / 2));
    padding-right: calc(((100vw - 1200px) / 2));
  }
}

<div>
  <div
    class="emotion-0"
  >
    <div>
      a
    </div>
    <div>
      b
    </div>
  </div>
</div>
`;
