// Jest Snapshot v1, https://goo.gl/fbAQLP

exports[`Overflow should render as default 1`] = `
.emotion-0 {
  width: 100%;
  height: 400px;
  overflow-x: scroll;
  overflow-y: scroll;
}

<div>
  <div
    class="emotion-0"
    height="400px"
    x="scroll"
    y="scroll"
  />
</div>
`;
