// Jest Snapshot v1, https://goo.gl/fbAQLP

exports[`LinkEmail should render as default 1`] = `
<div>
  <a
    class="link-email css-z7mqwi"
    color="background"
    cursor="pointer"
    href="mailto:?"
  >
    example
  </a>
</div>
`;
