// Jest Snapshot v1, https://goo.gl/fbAQLP

exports[`LinkPhone should render as default 1`] = `
<div>
  <a
    class="link-phone css-155nhey"
    color="background"
    cursor="pointer"
    href="tel:"
  >
    example
  </a>
</div>
`;
