// Jest Snapshot v1, https://goo.gl/fbAQLP

exports[`FlexColumn should render as default 1`] = `
.emotion-0 {
  -webkit-flex-direction: column;
  -ms-flex-direction: column;
  flex-direction: column;
  -webkit-box-pack: space-evenly;
  -webkit-justify-content: space-evenly;
  -ms-flex-pack: space-evenly;
  justify-content: space-evenly;
  -webkit-align-items: center;
  -webkit-box-align: center;
  -ms-flex-align: center;
  align-items: center;
  display: block;
}

@media (min-width:480px) {
  .emotion-0 {
    display: -webkit-box;
    display: -webkit-flex;
    display: -ms-flexbox;
    display: flex;
  }
}

.emotion-0 > * {
  -webkit-flex-shrink: 1;
  -ms-flex-negative: 1;
  flex-shrink: 1;
  -webkit-box-flex: 0;
  -webkit-flex-grow: 0;
  -ms-flex-positive: 0;
  flex-grow: 0;
  -webkit-flex-basis: auto;
  -ms-flex-preferred-size: auto;
  flex-basis: auto;
}

<div>
  <div
    class="emotion-0"
    x="center"
    y="evenly"
  >
    <span>
      example 1
    </span>
    <span>
      example 2
    </span>
    <span>
      example 3
    </span>
  </div>
</div>
`;
