// Jest Snapshot v1, https://goo.gl/fbAQLP

exports[`DropdownOption should render as default 1`] = `
.emotion-0 {
  background: rgb(255,255,255);
  color: rgb(1,1,1);
  border-color: rgb(216,216,216);
  padding-top: 8px;
  padding-bottom: 8px;
  padding-left: 8px;
  padding-right: 8px;
}

<div>
  <ul>
    <li
      class="emotion-0"
      color="background"
      cursor="pointer"
    >
      a
    </li>
    <li
      class="emotion-0"
      color="background"
      cursor="pointer"
    >
      b
    </li>
  </ul>
</div>
`;
