// Jest Snapshot v1, https://goo.gl/fbAQLP

exports[`Textarea should render as default 1`] = `
.emotion-0 {
  border-top-width: 2px;
  border-top-style: solid;
  border-bottom-width: 2px;
  border-bottom-style: solid;
  border-left-width: 2px;
  border-left-style: solid;
  border-right-width: 2px;
  border-right-style: solid;
  background: rgb(255,255,255);
  color: rgb(1,1,1);
  border-color: rgb(216,216,216);
  margin-top: 0px;
  margin-bottom: 0px;
  margin-left: 0px;
  margin-right: 0px;
  border-top-left-radius: 4px;
  border-top-right-radius: 4px;
  border-bottom-left-radius: 4px;
  border-bottom-right-radius: 4px;
  font-family: Helvetica,sans-serif;
  font-size: medium;
  font-style: normal;
  font-weight: 400;
  line-height: 1em;
  cursor: text;
  padding-top: 8px;
  padding-bottom: 8px;
  padding-left: 8px;
  padding-right: 8px;
  display: -webkit-inline-box;
  display: -webkit-inline-flex;
  display: -ms-inline-flexbox;
  display: inline-flex;
  box-sizing: content-box;
  vertical-align: middle;
}

.emotion-0:disabled,
.emotion-0.inactive {
  cursor: text;
  background: rgb(191,191,191);
  color: rgb(1,1,1);
  border-color: rgb(165,165,165);
  -webkit-text-decoration-line: none;
  text-decoration-line: none;
}

.emotion-0:not(:disabled):not(.inactive):hover {
  background: rgb(235,235,235);
  color: rgb(1,1,1);
  border-color: rgb(216,216,216);
  -webkit-text-decoration-line: none;
  text-decoration-line: none;
}

.emotion-0:not(:disabled):not(.inactive):active {
  background: rgb(216,216,216);
  color: rgb(1,1,1);
  border-color: rgb(235,235,235);
  -webkit-text-decoration-line: none;
  text-decoration-line: none;
}

<div>
  <textarea
    class="emotion-0"
    color="background"
    cursor="text"
    id="example"
    name="example"
    placeholder=""
  />
</div>
`;
