// Jest Snapshot v1, https://goo.gl/fbAQLP

exports[`NavItem should render as default 1`] = `
<div>
  <a
    class="nav-item css-151kpns"
    color="background"
    cursor="pointer"
    href="#"
  >
    example
  </a>
</div>
`;
